wztq@DESKTOP-1Q1LLS5:~/studia/sem4/wspolbiezne/mk1$ #karol wziatek 279734
wztq@DESKTOP-1Q1LLS5:~/studia/sem4/wspolbiezne/mk1$ svn export https://repo.cs.pwr.edu.pl/279734-dir/mk1/list3/ex3/
Authentication realm: <https://repo.cs.pwr.edu.pl:443> Subversion Repository 
Password for '279734': *******

Couldn't start kwalletd:  QDBusError("org.freedesktop.DBus.Error.Spawn.ChildSignaled", "Process org.kde.kwalletd5 received signal 6")
Couldn't start kwalletd:  QDBusError("org.freedesktop.DBus.Error.Spawn.ChildSignaled", "Process org.kde.kwalletd5 received signal 6")
Couldn't start kwalletd:  QDBusError("org.freedesktop.DBus.Error.Spawn.ChildSignaled", "Process org.kde.kwalletd5 received signal 6")
Couldn't start kwalletd:  QDBusError("org.freedesktop.DBus.Error.Spawn.ChildSignaled", "Process org.kde.kwalletd5 received signal 6")
Couldn't start kwalletd:  QDBusError("org.freedesktop.DBus.Error.Spawn.ChildSignaled", "Process org.kde.kwalletd5 received signal 6")
kf.windowsystem: Cannot use KWindowSystem without a QGuiApplication
Couldn't start kwalletd:  QDBusError("org.freedesktop.DBus.Error.Spawn.ChildSignaled", "Process org.kde.kwalletd5 received signal 6")
A    ex3
A    ex3/mutex_dekker.adb
A    ex3/random_seeds.adb
A    ex3/random_seeds.ads
Exported revision 45.
wztq@DESKTOP-1Q1LLS5:~/studia/sem4/wspolbiezne/mk1$ cd ex3
wztq@DESKTOP-1Q1LLS5:~/studia/sem4/wspolbiezne/mk1/ex3$ gnatmake mutex_dekker.adb 
x86_64-linux-gnu-gcc-13 -c mutex_dekker.adb
x86_64-linux-gnu-gcc-13 -c random_seeds.adb
x86_64-linux-gnu-gnatbind-13 -x mutex_dekker.ali
x86_64-linux-gnu-gnatlink-13 mutex_dekker.ali
wztq@DESKTOP-1Q1LLS5:~/studia/sem4/wspolbiezne/mk1/ex3$ ./mutex_dekker > out
wztq@DESKTOP-1Q1LLS5:~/studia/sem4/wspolbiezne/mk1/ex3$ shasum out
7d1a683e0c52e3a7c5c9f7ed024d848da2f5f375  out
wztq@DESKTOP-1Q1LLS5:~/studia/sem4/wspolbiezne/mk1/ex3$ svn import out https://repo.cs.pwr.edu.pl/279734-dir/mk1/list3/ex3/out -m "adding out"                                                              
Authentication realm: <https://repo.cs.pwr.edu.pl:443> Subversion Repository 
Password for '279734': *******

Couldn't start kwalletd:  QDBusError("org.freedesktop.DBus.Error.Spawn.ChildSignaled", "Process org.kde.kwalletd5 received signal 6")
Couldn't start kwalletd:  QDBusError("org.freedesktop.DBus.Error.Spawn.ChildSignaled", "Process org.kde.kwalletd5 received signal 6")
Couldn't start kwalletd:  QDBusError("org.freedesktop.DBus.Error.Spawn.ChildSignaled", "Process org.kde.kwalletd5 received signal 6")
Couldn't start kwalletd:  QDBusError("org.freedesktop.DBus.Error.Spawn.ChildSignaled", "Process org.kde.kwalletd5 received signal 6")
Couldn't start kwalletd:  QDBusError("org.freedesktop.DBus.Error.Spawn.ChildSignaled", "Process org.kde.kwalletd5 received signal 6")
kf.windowsystem: Cannot use KWindowSystem without a QGuiApplication
Couldn't start kwalletd:  QDBusError("org.freedesktop.DBus.Error.Spawn.ChildSignaled", "Process org.kde.kwalletd5 received signal 6")
Couldn't start kwalletd:  QDBusError("org.freedesktop.DBus.Error.Spawn.ChildSignaled", "Process org.kde.kwalletd5 received signal 6")
Couldn't start kwalletd:  QDBusError("org.freedesktop.DBus.Error.Spawn.ChildSignaled", "Process org.kde.kwalletd5 received signal 6")
Couldn't start kwalletd:  QDBusError("org.freedesktop.DBus.Error.Spawn.ChildSignaled", "Process org.kde.kwalletd5 received signal 6")
Couldn't start kwalletd:  QDBusError("org.freedesktop.DBus.Error.Spawn.ChildSignaled", "Process org.kde.kwalletd5 received signal 6")
Couldn't start kwalletd:  QDBusError("org.freedesktop.DBus.Error.Spawn.ChildSignaled", "Process org.kde.kwalletd5 received signal 6")
Couldn't start kwalletd:  QDBusError("org.freedesktop.DBus.Error.Spawn.ChildSignaled", "Process org.kde.kwalletd5 received signal 6")
Adding         out
Committing transaction...
Committed revision 46.
wztq@DESKTOP-1Q1LLS5:~/studia/sem4/wspolbiezne/mk1/ex3$ tmux capture-pane -p -S'-' -E'-' -J > my-log

