wztq@DESKTOP-1Q1LLS5:~/studia/sem4/wspolbiezne/mk1/list4/ex2$ source ~/.bashrc                 
wztq@DESKTOP-1Q1LLS5:~/studia/sem4/wspolbiezne/mk1/list4/ex2$ #karol wziatek
wztq@DESKTOP-1Q1LLS5:~/studia/sem4/wspolbiezne/mk1/list4/ex2$ svn import https://repo.cs.pwr.edu.pl/279734-dir/mk1/list4/ex2/

Log message unchanged or not specified
(a)bort, (c)ontinue, (e)dit:
a
wztq@DESKTOP-1Q1LLS5:~/studia/sem4/wspolbiezne/mk1/list4/ex2$ svn export https://repo.cs.pwr.edu.pl/279734-dir/mk1/list4/ex2/
Authentication realm: <https://repo.cs.pwr.edu.pl:443> Subversion Repository 
Password for '279734': *******

Couldn't start kwalletd:  QDBusError("org.freedesktop.DBus.Error.Spawn.ChildSignaled", "Process org.kde.kwalletd5 received signal 6")
Couldn't start kwalletd:  QDBusError("org.freedesktop.DBus.Error.Spawn.ChildSignaled", "Process org.kde.kwalletd5 received signal 6")
Couldn't start kwalletd:  QDBusError("org.freedesktop.DBus.Error.Spawn.ChildSignaled", "Process org.kde.kwalletd5 received signal 6")
Couldn't start kwalletd:  QDBusError("org.freedesktop.DBus.Error.Spawn.ChildSignaled", "Process org.kde.kwalletd5 received signal 6")
Couldn't start kwalletd:  QDBusError("org.freedesktop.DBus.Error.Spawn.ChildSignaled", "Process org.kde.kwalletd5 received signal 6")
kf.windowsystem: Cannot use KWindowSystem without a QGuiApplication
Couldn't start kwalletd:  QDBusError("org.freedesktop.DBus.Error.Spawn.ChildSignaled", "Process org.kde.kwalletd5 received signal 6")
A    ex2
A    ex2/szymanski.go
Exported revision 64.
wztq@DESKTOP-1Q1LLS5:~/studia/sem4/wspolbiezne/mk1/list4/ex2$ cd ex2/
wztq@DESKTOP-1Q1LLS5:~/studia/sem4/wspolbiezne/mk1/list4/ex2/ex2$ go run szymanski.go > out
wztq@DESKTOP-1Q1LLS5:~/studia/sem4/wspolbiezne/mk1/list4/ex2/ex2$ shasum out 
fc28fc64c5162b454690a07abbc71f48a6f3588f  out
wztq@DESKTOP-1Q1LLS5:~/studia/sem4/wspolbiezne/mk1/list4/ex2/ex2$ svn import out https://repo.cs.pwr.edu.pl/279734-dir/mk1/list4/ex2/out -m    
svn: missing argument: m
Type 'svn help' for usage.
wztq@DESKTOP-1Q1LLS5:~/studia/sem4/wspolbiezne/mk1/list4/ex2/ex2$ svn import out https://repo.cs.pwr.edu.pl/279734-dir/mk1/list4/ex2/out -m "adding out"
Authentication realm: <https://repo.cs.pwr.edu.pl:443> Subversion Repository 
Password for '279734': *******

Couldn't start kwalletd:  QDBusError("org.freedesktop.DBus.Error.Spawn.ChildSignaled", "Process org.kde.kwalletd5 received signal 6")
Couldn't start kwalletd:  QDBusError("org.freedesktop.DBus.Error.Spawn.ChildSignaled", "Process org.kde.kwalletd5 received signal 6")
Couldn't start kwalletd:  QDBusError("org.freedesktop.DBus.Error.Spawn.ChildSignaled", "Process org.kde.kwalletd5 received signal 6")
Couldn't start kwalletd:  QDBusError("org.freedesktop.DBus.Error.Spawn.ChildSignaled", "Process org.kde.kwalletd5 received signal 6")
Couldn't start kwalletd:  QDBusError("org.freedesktop.DBus.Error.Spawn.ChildSignaled", "Process org.kde.kwalletd5 received signal 6")
kf.windowsystem: Cannot use KWindowSystem without a QGuiApplication
Couldn't start kwalletd:  QDBusError("org.freedesktop.DBus.Error.Spawn.ChildSignaled", "Process org.kde.kwalletd5 received signal 6")
Couldn't start kwalletd:  QDBusError("org.freedesktop.DBus.Error.Spawn.ChildSignaled", "Process org.kde.kwalletd5 received signal 6")
Couldn't start kwalletd:  QDBusError("org.freedesktop.DBus.Error.Spawn.ChildSignaled", "Process org.kde.kwalletd5 received signal 6")
Couldn't start kwalletd:  QDBusError("org.freedesktop.DBus.Error.Spawn.ChildSignaled", "Process org.kde.kwalletd5 received signal 6")
Couldn't start kwalletd:  QDBusError("org.freedesktop.DBus.Error.Spawn.ChildSignaled", "Process org.kde.kwalletd5 received signal 6")
Couldn't start kwalletd:  QDBusError("org.freedesktop.DBus.Error.Spawn.ChildSignaled", "Process org.kde.kwalletd5 received signal 6")
Couldn't start kwalletd:  QDBusError("org.freedesktop.DBus.Error.Spawn.ChildSignaled", "Process org.kde.kwalletd5 received signal 6")
Adding         out
Committing transaction...
Committed revision 65.
wztq@DESKTOP-1Q1LLS5:~/studia/sem4/wspolbiezne/mk1/list4/ex2/ex2$ tmux capture-pane -p -S'-' -E'-' -J > my-log

