wztq@DESKTOP-1Q1LLS5:~/studia/sem4/wspolbiezne/mk1$ #karol wziatek 279734
wztq@DESKTOP-1Q1LLS5:~/studia/sem4/wspolbiezne/mk1$ svn export https://repo.cs.pwr.edu.pl/279734-dir/mk1/list3/ex5/
Authentication realm: <https://repo.cs.pwr.edu.pl:443> Subversion Repository 
Password for '279734': *******

Couldn't start kwalletd:  QDBusError("org.freedesktop.DBus.Error.Spawn.ChildSignaled", "Process org.kde.kwalletd5 received signal 6")
Couldn't start kwalletd:  QDBusError("org.freedesktop.DBus.Error.Spawn.ChildSignaled", "Process org.kde.kwalletd5 received signal 6")
Couldn't start kwalletd:  QDBusError("org.freedesktop.DBus.Error.Spawn.ChildSignaled", "Process org.kde.kwalletd5 received signal 6")
Couldn't start kwalletd:  QDBusError("org.freedesktop.DBus.Error.Spawn.ChildSignaled", "Process org.kde.kwalletd5 received signal 6")
Couldn't start kwalletd:  QDBusError("org.freedesktop.DBus.Error.Spawn.ChildSignaled", "Process org.kde.kwalletd5 received signal 6")
kf.windowsystem: Cannot use KWindowSystem without a QGuiApplication
Couldn't start kwalletd:  QDBusError("org.freedesktop.DBus.Error.Spawn.ChildSignaled", "Process org.kde.kwalletd5 received signal 6")
A    ex5
A    ex5/mutex_peterson.adb
A    ex5/random_seeds.adb
A    ex5/random_seeds.ads
Exported revision 49.
wztq@DESKTOP-1Q1LLS5:~/studia/sem4/wspolbiezne/mk1$ cd ex5/
wztq@DESKTOP-1Q1LLS5:~/studia/sem4/wspolbiezne/mk1/ex5$ gnatmake mutex_peterson.adb 
x86_64-linux-gnu-gcc-13 -c mutex_peterson.adb
x86_64-linux-gnu-gcc-13 -c random_seeds.adb
x86_64-linux-gnu-gnatbind-13 -x mutex_peterson.ali
x86_64-linux-gnu-gnatlink-13 mutex_peterson.ali
wztq@DESKTOP-1Q1LLS5:~/studia/sem4/wspolbiezne/mk1/ex5$ ./mutex_peterson > out
wztq@DESKTOP-1Q1LLS5:~/studia/sem4/wspolbiezne/mk1/ex5$ shasum out 
119464e58a3303c731ca0976c49065ec5df13b2c  out
wztq@DESKTOP-1Q1LLS5:~/studia/sem4/wspolbiezne/mk1/ex5$ svn import out https://repo.cs.pwr.edu.pl/279734-dir/mk1/list3/ex5/out -m "adding out"
Authentication realm: <https://repo.cs.pwr.edu.pl:443> Subversion Repository 
Password for '279734': *******

Couldn't start kwalletd:  QDBusError("org.freedesktop.DBus.Error.Spawn.ChildSignaled", "Process org.kde.kwalletd5 received signal 6")
Couldn't start kwalletd:  QDBusError("org.freedesktop.DBus.Error.Spawn.ChildSignaled", "Process org.kde.kwalletd5 received signal 6")
Couldn't start kwalletd:  QDBusError("org.freedesktop.DBus.Error.Spawn.ChildSignaled", "Process org.kde.kwalletd5 received signal 6")
Couldn't start kwalletd:  QDBusError("org.freedesktop.DBus.Error.Spawn.ChildSignaled", "Process org.kde.kwalletd5 received signal 6")
Couldn't start kwalletd:  QDBusError("org.freedesktop.DBus.Error.Spawn.ChildSignaled", "Process org.kde.kwalletd5 received signal 6")
kf.windowsystem: Cannot use KWindowSystem without a QGuiApplication
Couldn't start kwalletd:  QDBusError("org.freedesktop.DBus.Error.Spawn.ChildSignaled", "Process org.kde.kwalletd5 received signal 6")
Couldn't start kwalletd:  QDBusError("org.freedesktop.DBus.Error.Spawn.ChildSignaled", "Process org.kde.kwalletd5 received signal 6")
Couldn't start kwalletd:  QDBusError("org.freedesktop.DBus.Error.Spawn.ChildSignaled", "Process org.kde.kwalletd5 received signal 6")
Couldn't start kwalletd:  QDBusError("org.freedesktop.DBus.Error.Spawn.ChildSignaled", "Process org.kde.kwalletd5 received signal 6")
Couldn't start kwalletd:  QDBusError("org.freedesktop.DBus.Error.Spawn.ChildSignaled", "Process org.kde.kwalletd5 received signal 6")
Couldn't start kwalletd:  QDBusError("org.freedesktop.DBus.Error.Spawn.ChildSignaled", "Process org.kde.kwalletd5 received signal 6")
Couldn't start kwalletd:  QDBusError("org.freedesktop.DBus.Error.Spawn.ChildSignaled", "Process org.kde.kwalletd5 received signal 6")
Adding         out
Committing transaction...
Committed revision 50.
wztq@DESKTOP-1Q1LLS5:~/studia/sem4/wspolbiezne/mk1/ex5$ tmux capture-pane -p -S'-' -E'-' -J > my-log

