wztq@DESKTOP-1Q1LLS5:~/Studia/sem4/wspolbiezne/mk1/list1$ #Karol Wziatek 279734
wztq@DESKTOP-1Q1LLS5:~/Studia/sem4/wspolbiezne/mk1/list1$ svn export --force https://repo.cs.pwr.edu.pl/279734-dir/mk1/list1/ex2/
Authentication realm: <https://repo.cs.pwr.edu.pl:443> Subversion Repository 
Password for '279734': ******* 

Couldn't start kwalletd:  QDBusError("org.freedesktop.DBus.Error.Spawn.ChildSignaled", "Process org.kde.kwalletd5 received signal 6")
Couldn't start kwalletd:  QDBusError("org.freedesktop.DBus.Error.Spawn.ChildSignaled", "Process org.kde.kwalletd5 received signal 6")
Couldn't start kwalletd:  QDBusError("org.freedesktop.DBus.Error.Spawn.ChildSignaled", "Process org.kde.kwalletd5 received signal 6")
Couldn't start kwalletd:  QDBusError("org.freedesktop.DBus.Error.Spawn.ChildSignaled", "Process org.kde.kwalletd5 received signal 6")
Couldn't start kwalletd:  QDBusError("org.freedesktop.DBus.Error.Spawn.ChildSignaled", "Process org.kde.kwalletd5 received signal 6")
kf.windowsystem: Cannot use KWindowSystem without a QGuiApplication
Couldn't start kwalletd:  QDBusError("org.freedesktop.DBus.Error.Spawn.ChildSignaled", "Process org.kde.kwalletd5 received signal 6")
A    ex2
A    ex2/random_seeds.adb
A    ex2/random_seeds.ads
A    ex2/travelers_synchronized.adb
Exported revision 18.
wztq@DESKTOP-1Q1LLS5:~/Studia/sem4/wspolbiezne/mk1/list1$ cd ex2
wztq@DESKTOP-1Q1LLS5:~/Studia/sem4/wspolbiezne/mk1/list1/ex2$ gnatmake 
random_seeds.adb            random_seeds.ads            travelers_synchronized.adb
wztq@DESKTOP-1Q1LLS5:~/Studia/sem4/wspolbiezne/mk1/list1/ex2$ gnatmake 
random_seeds.adb            random_seeds.ads            travelers_synchronized.adb
wztq@DESKTOP-1Q1LLS5:~/Studia/sem4/wspolbiezne/mk1/list1/ex2$ gnatmake travelers_synchronized.adb 
x86_64-linux-gnu-gcc-13 -c travelers_synchronized.adb
x86_64-linux-gnu-gcc-13 -c random_seeds.adb
x86_64-linux-gnu-gnatbind-13 -x travelers_synchronized.ali
x86_64-linux-gnu-gnatlink-13 travelers_synchronized.ali
wztq@DESKTOP-1Q1LLS5:~/Studia/sem4/wspolbiezne/mk1/list1/ex2$ ./travelers_synchronized 
-1  15  15  15
 0.001739383  1  1  3 B
 0.142104042  1  1  3 b
 0.001778603  2  0  3 C
 0.149859979  2  0  3 c
 0.001999539  8  1  1 I
 0.012599195  8  1  0 I
 0.033967402  8  0  0 I
 0.079644308  8  0  1 I
 0.115119271  8  0  0 I
 0.131964481  8  0  1 I
 0.152234651  8  0  2 I
 0.183671298  8  14  2 I
 0.199912215  8  14  1 I
 0.222880331  8  13  1 I
 0.251216409  8  13  0 I
 0.001818219  3  3  10 D
 0.052257974  3  2  10 D
 0.093740083  3  3  10 D
 0.106940769  3  4  10 D
 0.134437507  3  4  11 D
 0.145831082  3  5  11 D
 0.176290858  3  6  11 D
 0.199982839  3  7  11 D
 0.218087848  3  8  11 D
 0.228219104  3  8  12 D
 0.275665366  3  7  12 D
 0.298868073  3  8  12 D
 0.001860179  4  2  7 E
 0.033468166  4  3  7 E
 0.070780107  4  4  7 E
 0.102465772  4  3  7 E
 0.134377691  4  3  8 E
 0.172419628  4  2  8 E
 0.307855465  4  2  8 e
 0.001936572  6  14  10 G
 0.028248737  6  14  9 G
 0.067075079  6  0  9 G
 0.119880677  6  0  10 G
 0.168963181  6  0  9 G
 0.191615359  6  1  9 G
 0.204001702  6  2  9 G
 0.318865441  6  2  9 g
 0.001903444  5  4  14 F
 0.049875697  5  4  0 F
 0.077193385  5  5  0 F
 0.087460632  5  5  1 F
 0.123739749  5  5  2 F
 0.153329928  5  6  2 F
 0.202348984  5  5  2 F
 0.239474218  5  4  2 F
 0.268963088  5  3  2 F
 0.317677949  5  2  2 F
 0.336525620  5  1  2 F
 0.457946816  5  1  2 f
 0.002181466  14  14  7 O
 0.012649362  14  14  6 O
 0.048868273  14  14  5 O
 0.086706809  14  13  5 O
 0.119552398  14  14  5 O
 0.164013403  14  0  5 O
 0.213185446  14  0  4 O
 0.260162153  14  0  5 O
 0.307332183  14  0  6 O
 0.334959459  14  1  6 O
 0.347211725  14  1  5 O
 0.376002436  14  1  4 O
 0.511461179  14  1  4 o
 0.002030851  9  13  9 J
 0.034855052  9  13  8 J
 0.071304072  9  13  7 J
 0.117659408  9  12  7 J
 0.147127790  9  12  8 J
 0.163734778  9  12  9 J
 0.213116545  9  13  9 J
 0.226170384  9  13  8 J
 0.257368950  9  13  9 J
 0.294032063  9  13  8 J
 0.328215023  9  13  9 J
 0.346904692  9  12  9 J
 0.363417915  9  13  9 J
 0.404431883  9  14  9 J
 0.424592319  9  14  10 J
 0.466793783  9  0  10 J
 0.480822224  9  1  10 J
 0.491714363  9  0  10 J
 0.525641560  9  1  10 J
 0.559322118  9  2  10 J
 0.593461295  9  1  10 J
 0.632250233  9  1  9 J
 0.775586302  9  1  9 j
 0.001700660  0  10  7 A
 0.031853605  0  9  7 A
 0.067023493  0  8  7 A
 0.094763533  0  8  6 A
 0.136026390  0  8  7 A
 0.155323060  0  7  7 A
 0.172321562  0  7  8 A
 0.217017259  0  7  9 A
 0.239127826  0  7  10 A
 0.284797970  0  8  10 A
 0.314696203  0  9  10 A
 0.332827353  0  10  10 A
 0.344217891  0  10  11 A
 0.382642045  0  11  11 A
 0.416387308  0  10  11 A
 0.465206376  0  10  10 A
 0.484876826  0  10  9 A
 0.525760047  0  10  10 A
 0.553250472  0  10  9 A
 0.576124623  0  10  8 A
 0.623399684  0  10  9 A
 0.664454853  0  10  8 A
 0.705876137  0  10  7 A
 0.749259866  0  11  7 A
 0.776933184  0  12  7 A
 0.792418885  0  11  7 A
 0.002121276  12  3  13 M
 0.035338860  12  2  13 M
 0.053530835  12  2  14 M
 0.069806553  12  1  14 M
 0.092397592  12  2  14 M
 0.139090731  12  3  14 M
 0.156562837  12  4  14 M
 0.168959055  12  4  13 M
 0.199660115  12  3  13 M
 0.231729684  12  2  13 M
 0.251810615  12  2  14 M
 0.277425487  12  1  14 M
 0.316238495  12  2  14 M
 0.363563899  12  2  0 M
 0.399781343  12  1  0 M
 0.413605787  12  0  0 M
 0.446012412  12  0  14 M
 0.472459978  12  0  13 M
 0.487374711  12  14  13 M
 0.519267115  12  14  14 M
 0.548129566  12  14  13 M
 0.572524976  12  0  13 M
 0.589829918  12  0  14 M
 0.631335328  12  1  14 M
 0.677356309  12  2  14 M
 0.715689178  12  3  14 M
 0.741092413  12  2  14 M
 0.779630099  12  2  0 M
 0.811475428  12  2  1 M
 0.834629120  12  2  2 M
 0.961913129  12  2  2 m
 0.002061662  10  0  12 K
 0.019389421  10  1  12 K
 0.034168243  10  1  11 K
 0.060065538  10  0  11 K
 0.072946509  10  0  10 K
 0.119868716  10  0  11 K
 0.155756944  10  0  12 K
 0.188776149  10  0  11 K
 0.236855376  10  14  11 K
 0.248488101  10  0  11 K
 0.285127510  10  1  11 K
 0.298429871  10  1  10 K
 0.319844910  10  1  9 K
 0.363397841  10  0  9 K
 0.382815631  10  0  10 K
 0.403965971  10  0  9 K
 0.443282668  10  0  8 K
 0.493121207  10  0  7 K
 0.504383837  10  14  7 K
 0.531423281  10  13  7 K
 0.558701321  10  14  7 K
 0.593579022  10  0  7 K
 0.624027186  10  0  6 K
 0.663828869  10  0  7 K
 0.687358331  10  14  7 K
 0.715120871  10  14  6 K
 0.755406546  10  14  5 K
 0.793736064  10  0  5 K
 0.843915137  10  0  4 K
 0.886502429  10  0  5 K
 0.904636403  10  0  4 K
 0.933642877  10  14  4 K
 0.960162580  10  14  3 K
 1.071835825  10  14  3 k
 0.001967352  7  13  1 H
 0.035037071  7  13  2 H
 0.061220695  7  12  2 H
 0.075588993  7  12  3 H
 0.124252451  7  11  3 H
 0.162006046  7  11  2 H
 0.193915244  7  10  2 H
 0.211030383  7  10  1 H
 0.230830885  7  9  1 H
 0.245874253  7  9  2 H
 0.290653880  7  8  2 H
 0.328200847  7  9  2 H
 0.364296596  7  9  3 H
 0.396159062  7  9  4 H
 0.442664646  7  8  4 H
 0.458437230  7  8  5 H
 0.502348335  7  9  5 H
 0.534435477  7  10  5 H
 0.548838506  7  9  5 H
 0.573127456  7  9  6 H
 0.599991704  7  9  5 H
 0.639978384  7  10  5 H
 0.660822992  7  9  5 H
 0.673387686  7  9  4 H
 0.722292119  7  10  4 H
 0.752794357  7  10  3 H
 0.769001282  7  10  4 H
 0.794112696  7  10  3 H
 0.819241976  7  10  4 H
 0.861293558  7  11  4 H
 0.879385343  7  11  3 H
 0.914042728  7  12  3 H
 0.935635451  7  13  3 H
 1.072957116  7  13  3 h
 0.002152618  13  8  2 N
 0.028315047  13  8  3 N
 0.077592106  13  8  4 N
 0.103950105  13  8  3 N
 0.120903071  13  9  3 N
 0.138722711  13  9  2 N
 0.172529265  13  9  3 N
 0.193050769  13  9  2 N
 0.222189501  13  10  2 N
 0.290666589  13  9  2 N
 0.320857858  13  9  3 N
 0.364289639  13  10  3 N
 0.414210802  13  10  2 N
 0.431392632  13  11  2 N
 0.446546325  13  11  3 N
 0.486627985  13  12  3 N
 0.536161771  13  12  2 N
 0.583419655  13  11  2 N
 0.609489343  13  10  2 N
 0.644478907  13  9  2 N
 0.692707932  13  9  1 N
 0.711110274  13  10  1 N
 0.750074603  13  11  1 N
 0.772224231  13  11  0 N
 0.815371787  13  10  0 N
 0.848572115  13  9  0 N
 0.891764469  13  8  0 N
 0.921072710  13  8  14 N
 0.940126160  13  8  0 N
 0.961167993  13  8  14 N
 1.005188877  13  9  14 N
 1.019946584  13  9  13 N
 1.064845945  13  9  12 N
 1.099488293  13  9  11 N
 1.131106037  13  8  11 N
 1.148729223  13  7  11 N
 1.171436641  13  8  11 N
 1.214313801  13  8  10 N
 1.239615937  13  9  10 N
 1.255972335  13  10  10 N
 0.002089787  11  9  13 L
 0.028692159  11  10  13 L
 0.043168406  11  9  13 L
 0.088149187  11  8  13 L
 0.099151823  11  7  13 L
 0.117771528  11  8  13 L
 0.133125212  11  9  13 L
 0.173651741  11  8  13 L
 0.207844527  11  8  14 L
 0.229017439  11  8  0 L
 0.246552481  11  7  0 L
 0.265638841  11  7  1 L
 0.281343825  11  7  0 L
 0.329427553  11  7  14 L
 0.340270473  11  7  0 L
 0.352023621  11  7  1 L
 0.390118024  11  7  2 L
 0.436465416  11  7  1 L
 0.483878791  11  6  1 L
 0.517617055  11  6  0 L
 0.536708089  11  6  14 L
 0.557168607  11  5  14 L
 0.568622315  11  4  14 L
 0.612672866  11  4  0 L
 0.653142770  11  4  1 L
 0.688371547  11  4  2 L
 0.730788470  11  4  1 L
 0.742197714  11  4  0 L
 0.788118387  11  4  14 L
 0.830055850  11  3  14 L
 0.869335864  11  2  14 L
 0.894943743  11  1  14 L
 0.909143647  11  1  0 L
 0.946487181  11  0  0 L
 0.980112621  11  0  14 L
 1.023298165  11  14  14 L
 1.062183268  11  14  13 L
 1.075134057  11  14  14 L
 1.107649362  11  13  14 L
 1.145566951  11  13  0 L
 1.174195942  11  13  1 L
 1.185719557  11  14  1 L
 1.226660003  11  14  2 L
 1.255545520  11  14  1 L
 1.281434602  11  14  2 L
 1.327610218  11  14  1 L
 1.376574072  11  0  1 L
 1.394330641  11  14  1 L
 1.409729316  11  13  1 L
 1.442073959  11  12  1 L
 1.468757611  11  13  1 L
wztq@DESKTOP-1Q1LLS5:~/Studia/sem4/wspolbiezne/mk1/list1/ex2$ ./travelers_synchronized > out2
wztq@DESKTOP-1Q1LLS5:~/Studia/sem4/wspolbiezne/mk1/list1/ex2$ shasum out2
298e8edf5a2b0d502b6d4b3a97fb62e37ae572d0  out2
wztq@DESKTOP-1Q1LLS5:~/Studia/sem4/wspolbiezne/mk1/list1/ex2$ svn import out2 https://repo.cs.pwr.edu.pl/279734-dir/mk1/list1/ex2/out2 -m "adding shasum"
Authentication realm: <https://repo.cs.pwr.edu.pl:443> Subversion Repository 
Password for '279734': *******

Couldn't start kwalletd:  QDBusError("org.freedesktop.DBus.Error.Spawn.ChildSignaled", "Process org.kde.kwalletd5 received signal 6")
Couldn't start kwalletd:  QDBusError("org.freedesktop.DBus.Error.Spawn.ChildSignaled", "Process org.kde.kwalletd5 received signal 6")
Couldn't start kwalletd:  QDBusError("org.freedesktop.DBus.Error.Spawn.ChildSignaled", "Process org.kde.kwalletd5 received signal 6")
Couldn't start kwalletd:  QDBusError("org.freedesktop.DBus.Error.Spawn.ChildSignaled", "Process org.kde.kwalletd5 received signal 6")
Couldn't start kwalletd:  QDBusError("org.freedesktop.DBus.Error.Spawn.ChildSignaled", "Process org.kde.kwalletd5 received signal 6")
kf.windowsystem: Cannot use KWindowSystem without a QGuiApplication
Couldn't start kwalletd:  QDBusError("org.freedesktop.DBus.Error.Spawn.ChildSignaled", "Process org.kde.kwalletd5 received signal 6")
Couldn't start kwalletd:  QDBusError("org.freedesktop.DBus.Error.Spawn.ChildSignaled", "Process org.kde.kwalletd5 received signal 6")
Couldn't start kwalletd:  QDBusError("org.freedesktop.DBus.Error.Spawn.ChildSignaled", "Process org.kde.kwalletd5 received signal 6")
Couldn't start kwalletd:  QDBusError("org.freedesktop.DBus.Error.Spawn.ChildSignaled", "Process org.kde.kwalletd5 received signal 6")
Couldn't start kwalletd:  QDBusError("org.freedesktop.DBus.Error.Spawn.ChildSignaled", "Process org.kde.kwalletd5 received signal 6")
Couldn't start kwalletd:  QDBusError("org.freedesktop.DBus.Error.Spawn.ChildSignaled", "Process org.kde.kwalletd5 received signal 6")
Couldn't start kwalletd:  QDBusError("org.freedesktop.DBus.Error.Spawn.ChildSignaled", "Process org.kde.kwalletd5 received signal 6")
Adding         out2
Committing transaction...
Committed revision 19.
wztq@DESKTOP-1Q1LLS5:~/Studia/sem4/wspolbiezne/mk1/list1/ex2$ ls
out2              random_seeds.ali        travelers_synchronized.adb
random_seeds.adb  random_seeds.o          travelers_synchronized.ali
random_seeds.ads  travelers_synchronized  travelers_synchronized.o
wztq@DESKTOP-1Q1LLS5:~/Studia/sem4/wspolbiezne/mk1/list1/ex2$ tmux capture-pane -p -S'-' -E'-' -J > my-log
wztq@DESKTOP-1Q1LLS5:~/Studia/sem4/wspolbiezne/mk1/list1/ex2$ tmux capture-pane -p -S'-' -E'-' -J > my-log2

