wztq@DESKTOP-1Q1LLS5:~/Studia/sem4/wspolbiezne/mk1$ #karol wziatek 279734
wztq@DESKTOP-1Q1LLS5:~/Studia/sem4/wspolbiezne/mk1$ svn export https://repo.cs.pwr.edu.pl/279734-dir/mk1/list2/ex3/
Authentication realm: <https://repo.cs.pwr.edu.pl:443> Subversion Repository 
Password for '279734': *******

Couldn't start kwalletd:  QDBusError("org.freedesktop.DBus.Error.Spawn.ChildSignaled", "Process org.kde.kwalletd5 received signal 6")
Couldn't start kwalletd:  QDBusError("org.freedesktop.DBus.Error.Spawn.ChildSignaled", "Process org.kde.kwalletd5 received signal 6")
Couldn't start kwalletd:  QDBusError("org.freedesktop.DBus.Error.Spawn.ChildSignaled", "Process org.kde.kwalletd5 received signal 6")
Couldn't start kwalletd:  QDBusError("org.freedesktop.DBus.Error.Spawn.ChildSignaled", "Process org.kde.kwalletd5 received signal 6")
Couldn't start kwalletd:  QDBusError("org.freedesktop.DBus.Error.Spawn.ChildSignaled", "Process org.kde.kwalletd5 received signal 6")
kf.windowsystem: Cannot use KWindowSystem without a QGuiApplication
Couldn't start kwalletd:  QDBusError("org.freedesktop.DBus.Error.Spawn.ChildSignaled", "Process org.kde.kwalletd5 received signal 6")
A    ex3
A    ex3/Makefile
A    ex3/parameters.ads
A    ex3/position.adb
A    ex3/position.ads
A    ex3/printer.adb
A    ex3/printer.ads
A    ex3/random_seeds.adb
A    ex3/random_seeds.ads
A    ex3/traces.adb
A    ex3/traces.ads
A    ex3/travelers.adb
Exported revision 34.
wztq@DESKTOP-1Q1LLS5:~/Studia/sem4/wspolbiezne/mk1$ cd ex3
wztq@DESKTOP-1Q1LLS5:~/Studia/sem4/wspolbiezne/mk1/ex3$ ls
Makefile        position.adb  printer.adb  random_seeds.adb  traces.adb  travelers.adb
parameters.ads  position.ads  printer.ads  random_seeds.ads  traces.ads
wztq@DESKTOP-1Q1LLS5:~/Studia/sem4/wspolbiezne/mk1/ex3$ gnatmake travelers.adb 
x86_64-linux-gnu-gcc-13 -c travelers.adb
travelers.adb:115:60: warning: potentially blocking operation in protected operation [enabled by default]
travelers.adb:128:44: warning: potentially blocking operation in protected operation [enabled by default]
travelers.adb:137:31: warning: potentially blocking operation in protected operation [enabled by default]
x86_64-linux-gnu-gcc-13 -c parameters.ads
x86_64-linux-gnu-gcc-13 -c position.adb
x86_64-linux-gnu-gcc-13 -c printer.adb
x86_64-linux-gnu-gcc-13 -c random_seeds.adb
x86_64-linux-gnu-gcc-13 -c traces.adb
x86_64-linux-gnu-gnatbind-13 -x travelers.ali
x86_64-linux-gnu-gnatlink-13 travelers.ali
wztq@DESKTOP-1Q1LLS5:~/Studia/sem4/wspolbiezne/mk1/ex3$ ./travelers > out
wztq@DESKTOP-1Q1LLS5:~/Studia/sem4/wspolbiezne/mk1/ex3$ shasum out
062e1fb14b2d3142cfcc322c8b424b81054ae88d  out
wztq@DESKTOP-1Q1LLS5:~/Studia/sem4/wspolbiezne/mk1/ex3$ svn import out https://repo.cs.pwr.edu.pl/279734-dir/mk1/list2/ex3/out -m "adding out"
Authentication realm: <https://repo.cs.pwr.edu.pl:443> Subversion Repository 
Password for '279734': *******

Couldn't start kwalletd:  QDBusError("org.freedesktop.DBus.Error.Spawn.ChildSignaled", "Process org.kde.kwalletd5 received signal 6")
Couldn't start kwalletd:  QDBusError("org.freedesktop.DBus.Error.Spawn.ChildSignaled", "Process org.kde.kwalletd5 received signal 6")
Couldn't start kwalletd:  QDBusError("org.freedesktop.DBus.Error.Spawn.ChildSignaled", "Process org.kde.kwalletd5 received signal 6")
Couldn't start kwalletd:  QDBusError("org.freedesktop.DBus.Error.Spawn.ChildSignaled", "Process org.kde.kwalletd5 received signal 6")
Couldn't start kwalletd:  QDBusError("org.freedesktop.DBus.Error.Spawn.ChildSignaled", "Process org.kde.kwalletd5 received signal 6")
kf.windowsystem: Cannot use KWindowSystem without a QGuiApplication
Couldn't start kwalletd:  QDBusError("org.freedesktop.DBus.Error.Spawn.ChildSignaled", "Process org.kde.kwalletd5 received signal 6")
Couldn't start kwalletd:  QDBusError("org.freedesktop.DBus.Error.Spawn.ChildSignaled", "Process org.kde.kwalletd5 received signal 6")
Couldn't start kwalletd:  QDBusError("org.freedesktop.DBus.Error.Spawn.ChildSignaled", "Process org.kde.kwalletd5 received signal 6")
Couldn't start kwalletd:  QDBusError("org.freedesktop.DBus.Error.Spawn.ChildSignaled", "Process org.kde.kwalletd5 received signal 6")
Couldn't start kwalletd:  QDBusError("org.freedesktop.DBus.Error.Spawn.ChildSignaled", "Process org.kde.kwalletd5 received signal 6")
Couldn't start kwalletd:  QDBusError("org.freedesktop.DBus.Error.Spawn.ChildSignaled", "Process org.kde.kwalletd5 received signal 6")
Couldn't start kwalletd:  QDBusError("org.freedesktop.DBus.Error.Spawn.ChildSignaled", "Process org.kde.kwalletd5 received signal 6")
Adding         out
Committing transaction...
Committed revision 35.
wztq@DESKTOP-1Q1LLS5:~/Studia/sem4/wspolbiezne/mk1/ex3$ tmux capture-pane -p -S'-' -E'-' -J > my-log

