wztq@DESKTOP-1Q1LLS5:~/Studia/sem4/wspolbiezne/mk1$ #karol wziatek
wztq@DESKTOP-1Q1LLS5:~/Studia/sem4/wspolbiezne/mk1$ svn export https://repo.cs.pwr.edu.pl/279734-dir/mk1/list2/ex1/
Authentication realm: <https://repo.cs.pwr.edu.pl:443> Subversion Repository 
Password for '279734': *******

Couldn't start kwalletd:  QDBusError("org.freedesktop.DBus.Error.Spawn.ChildSignaled", "Process org.kde.kwalletd5 received signal 6")
Couldn't start kwalletd:  QDBusError("org.freedesktop.DBus.Error.Spawn.ChildSignaled", "Process org.kde.kwalletd5 received signal 6")
Couldn't start kwalletd:  QDBusError("org.freedesktop.DBus.Error.Spawn.ChildSignaled", "Process org.kde.kwalletd5 received signal 6")
Couldn't start kwalletd:  QDBusError("org.freedesktop.DBus.Error.Spawn.ChildSignaled", "Process org.kde.kwalletd5 received signal 6")
Couldn't start kwalletd:  QDBusError("org.freedesktop.DBus.Error.Spawn.ChildSignaled", "Process org.kde.kwalletd5 received signal 6")
kf.windowsystem: Cannot use KWindowSystem without a QGuiApplication
Couldn't start kwalletd:  QDBusError("org.freedesktop.DBus.Error.Spawn.ChildSignaled", "Process org.kde.kwalletd5 received signal 6")
A    ex1
A    ex1/Makefile
A    ex1/parameters.ads
A    ex1/position.adb
A    ex1/position.ads
A    ex1/printer.adb
A    ex1/printer.ads
A    ex1/random_seeds.adb
A    ex1/random_seeds.ads
A    ex1/traces.adb
A    ex1/traces.ads
A    ex1/travelers.adb
Exported revision 30.
wztq@DESKTOP-1Q1LLS5:~/Studia/sem4/wspolbiezne/mk1$ cd ex1
wztq@DESKTOP-1Q1LLS5:~/Studia/sem4/wspolbiezne/mk1/ex1$ ls
Makefile        position.adb  printer.adb  random_seeds.adb  traces.adb  travelers.adb
parameters.ads  position.ads  printer.ads  random_seeds.ads  traces.ads
wztq@DESKTOP-1Q1LLS5:~/Studia/sem4/wspolbiezne/mk1/ex1$ gnatmake travelers.adb 
x86_64-linux-gnu-gcc-13 -c travelers.adb
travelers.adb:94:60: warning: potentially blocking operation in protected operation [enabled by default]
travelers.adb:105:41: warning: potentially blocking operation in protected operation [enabled by default]
travelers.adb:118:48: warning: potentially blocking operation in protected operation [enabled by default]
x86_64-linux-gnu-gcc-13 -c parameters.ads
x86_64-linux-gnu-gcc-13 -c position.adb
x86_64-linux-gnu-gcc-13 -c printer.adb
x86_64-linux-gnu-gcc-13 -c random_seeds.adb
x86_64-linux-gnu-gcc-13 -c traces.adb
x86_64-linux-gnu-gnatbind-13 -x travelers.ali
x86_64-linux-gnu-gnatlink-13 travelers.ali
wztq@DESKTOP-1Q1LLS5:~/Studia/sem4/wspolbiezne/mk1/ex1$ ./travelers > out
wztq@DESKTOP-1Q1LLS5:~/Studia/sem4/wspolbiezne/mk1/ex1$ shasum out
ac823b8fff38ea980d277ccbcb34d57923aeeaa7  out
wztq@DESKTOP-1Q1LLS5:~/Studia/sem4/wspolbiezne/mk1/ex1$ svn import out https://repo.cs.pwr.edu.pl/279734-dir/mk1/list2/ex1/out -m "adding out"
Authentication realm: <https://repo.cs.pwr.edu.pl:443> Subversion Repository 
Password for '279734': *******

Couldn't start kwalletd:  QDBusError("org.freedesktop.DBus.Error.Spawn.ChildSignaled", "Process org.kde.kwalletd5 received signal 6")
Couldn't start kwalletd:  QDBusError("org.freedesktop.DBus.Error.Spawn.ChildSignaled", "Process org.kde.kwalletd5 received signal 6")
Couldn't start kwalletd:  QDBusError("org.freedesktop.DBus.Error.Spawn.ChildSignaled", "Process org.kde.kwalletd5 received signal 6")
Couldn't start kwalletd:  QDBusError("org.freedesktop.DBus.Error.Spawn.ChildSignaled", "Process org.kde.kwalletd5 received signal 6")
Couldn't start kwalletd:  QDBusError("org.freedesktop.DBus.Error.Spawn.ChildSignaled", "Process org.kde.kwalletd5 received signal 6")
kf.windowsystem: Cannot use KWindowSystem without a QGuiApplication
Couldn't start kwalletd:  QDBusError("org.freedesktop.DBus.Error.Spawn.ChildSignaled", "Process org.kde.kwalletd5 received signal 6")
Couldn't start kwalletd:  QDBusError("org.freedesktop.DBus.Error.Spawn.ChildSignaled", "Process org.kde.kwalletd5 received signal 6")
Couldn't start kwalletd:  QDBusError("org.freedesktop.DBus.Error.Spawn.ChildSignaled", "Process org.kde.kwalletd5 received signal 6")
Couldn't start kwalletd:  QDBusError("org.freedesktop.DBus.Error.Spawn.ChildSignaled", "Process org.kde.kwalletd5 received signal 6")
Couldn't start kwalletd:  QDBusError("org.freedesktop.DBus.Error.Spawn.ChildSignaled", "Process org.kde.kwalletd5 received signal 6")
Couldn't start kwalletd:  QDBusError("org.freedesktop.DBus.Error.Spawn.ChildSignaled", "Process org.kde.kwalletd5 received signal 6")
Couldn't start kwalletd:  QDBusError("org.freedesktop.DBus.Error.Spawn.ChildSignaled", "Process org.kde.kwalletd5 received signal 6")
Adding         out
Committing transaction...
Committed revision 31.
wztq@DESKTOP-1Q1LLS5:~/Studia/sem4/wspolbiezne/mk1/ex1$ tmux capture-pane -p -S'-' -E'-' -J > my-log

