wztq@DESKTOP-1Q1LLS5:~/Studia/sem4/wspolbiezne/mk1/list1$ #karol wziatek 279734
wztq@DESKTOP-1Q1LLS5:~/Studia/sem4/wspolbiezne/mk1/list1$ svn export --force https://repo.cs.pwr.edu.pl/279734-dir/mk1/list1/ex3/
Authentication realm: <https://repo.cs.pwr.edu.pl:443> Subversion Repository 
Password for '279734': *******

Couldn't start kwalletd:  QDBusError("org.freedesktop.DBus.Error.Spawn.ChildSignaled", "Process org.kde.kwalletd5 received signal 6")
Couldn't start kwalletd:  QDBusError("org.freedesktop.DBus.Error.Spawn.ChildSignaled", "Process org.kde.kwalletd5 received signal 6")
Couldn't start kwalletd:  QDBusError("org.freedesktop.DBus.Error.Spawn.ChildSignaled", "Process org.kde.kwalletd5 received signal 6")
Couldn't start kwalletd:  QDBusError("org.freedesktop.DBus.Error.Spawn.ChildSignaled", "Process org.kde.kwalletd5 received signal 6")
Couldn't start kwalletd:  QDBusError("org.freedesktop.DBus.Error.Spawn.ChildSignaled", "Process org.kde.kwalletd5 received signal 6")
kf.windowsystem: Cannot use KWindowSystem without a QGuiApplication
Couldn't start kwalletd:  QDBusError("org.freedesktop.DBus.Error.Spawn.ChildSignaled", "Process org.kde.kwalletd5 received signal 6")
A    ex3
A    ex3/ex3.go
Exported revision 20.
wztq@DESKTOP-1Q1LLS5:~/Studia/sem4/wspolbiezne/mk1/list1$ cd ex3
wztq@DESKTOP-1Q1LLS5:~/Studia/sem4/wspolbiezne/mk1/list1/ex3$ go run ex3.go 
-1 15 15 15
1746806338205275097 8 7 0 I
1746806338207491881 7 1 1 H
1746806338207550284 14 14 8 O
1746806338207600873 5 8 12 F
1746806338210813078 11 7 7 L
1746806338211981071 10 1 12 K
1746806338224241617 5 8 11 F
1746806338228368706 7 1 2 H
1746806338229549763 10 1 13 K
1746806338235669042 1 8 9 B
1746806338235693287 12 6 3 M
1746806338236786507 9 13 6 J
1746806338237898291 4 12 6 E
1746806338240052493 11 8 7 L
1746806338241159170 0 9 0 A
1746806338245296935 14 14 9 O
1746806338246388092 8 7 1 I
1746806338249532723 7 0 2 H
1746806338250630501 5 9 11 F
1746806338252784236 10 1 12 K
1746806338255926581 1 7 9 B
1746806338264039993 9 13 7 J
1746806338265136121 14 0 9 O
1746806338267282708 0 10 0 A
1746806338268376887 11 9 7 L
1746806338269468500 8 6 1 I
1746806338269494531 12 6 2 M
1746806338280631698 4 12 7 E
1746806338280652310 0 10 14 A
1746806338285762164 6 6 5 G
1746806338287917132 7 1 2 H
1746806338290090692 5 10 11 F
1746806338291192566 8 7 1 I
1746806338291215658 1 7 8 B
1746806338297336890 10 2 12 K
1746806338300479066 9 13 6 J
1746806338302650498 6 5 5 G
1746806338313803152 5 10 10 F
1746806338313821932 8 6 1 I
1746806338313828620 4 12 8 E
1746806338315983914 11 8 7 L
1746806338320120705 12 5 2 M
1746806338325255840 0 11 14 A
1746806338326349193 9 12 6 J
1746806338327436751 10 2 13 K
1746806338328523235 7 2 2 H
1746806338334651632 4 12 9 E
1746806338335744588 1 7 7 B
1746806338336836908 8 6 0 I
1746806338344945359 6 6 5 G
1746806338347029560 8 5 0 I
1746806338348118052 12 5 3 M
1746806338354241846 1 7 6 B
1746806338356389208 10 3 13 K
1746806338357530925 7 3 2 H
1746806338358617702 4 13 9 E
1746806338361761539 11 9 7 L
1746806338361787534 5 9 10 F
1746806338364911504 8 5 1 I
1746806338367068838 9 12 5 J
1746806338375186128 0 11 0 A
1746806338376278219 5 10 10 F
1746806338382399345 9 12 6 J
1746806338387539474 11 10 7 L
1746806338390709027 6 6 4 G
1746806338393847368 8 5 2 I
1746806338396997299 10 2 13 K
1746806338398089480 12 4 3 M
1746806338399178072 1 8 6 B
1746806338401330305 6 7 4 G
1746806338403482469 0 10 0 A
1746806338404572115 4 13 10 E
1746806338406751557 9 12 5 J
1746806338407849000 7 4 2 H
1746806338410932419 5 10 9 F
1746806338418054815 4 13 11 E
1746806338418083927 10 1 13 K
1746806338423207333 1 9 6 B
1746806338425359288 11 10 6 L
1746806338440961055 4 13 12 E
1746806338440961992 1 9 7 B
1746806338440963155 11 9 6 L
1746806338440964537 9 12 4 J
1746806338446094241 12 3 3 M
1746806338447179921 10 0 13 K
1746806338449323255 6 8 4 G
1746806338453458646 11 8 6 L
1746806338453480910 0 11 0 A
1746806338458599224 5 11 9 F
1746806338459684831 3 1 11 d
1746806338467809072 4 13 11 E
1746806338471962474 13 0 11 n
1746806338475156826 5 10 9 F
1746806338475178315 11 8 5 L
1746806338477322220 1 9 6 B
1746806338480475705 9 11 4 J
1746806338482633700 10 1 13 K
1746806338484778291 12 2 3 M
1746806338486920858 2 0 10 c
1746806338492054815 0 11 14 A
1746806338496182239 4 13 10 E
1746806338497269709 1 9 5 B
1746806338503380636 0 11 0 A
1746806338511495452 10 0 13 K
1746806338514630865 5 10 8 F
1746806338521745598 11 7 5 L
1746806338521767811 6 8 5 G
1746806338525828121 12 2 4 M
1746806338526924232 5 11 8 F
1746806338526946245 10 1 13 K
1746806338529068208 0 10 0 A
1746806338529090550 9 11 3 J
1746806338530156248 1 9 6 B
1746806338530183432 4 13 11 E
1746806338533304603 6 9 5 G
1746806338541408809 1 9 7 B
1746806338544553321 11 7 4 L
1746806338544571555 9 12 3 J
1746806338544576695 5 11 7 F
1746806338544579560 4 13 12 E
1746806338550711025 12 2 5 M
1746806338557949392 0 10 14 A
1746806338562083723 12 2 6 M
1746806338564225867 14 0 9 o
1746806338564250835 9 12 2 J
1746806338571478418 0 11 14 A
1746806338576668818 6 9 6 G
1746806338577776143 10 1 14 K
1746806338579938641 4 13 13 E
1746806338579975828 1 8 7 B
1746806338581049631 11 7 5 L
1746806338586201000 12 2 7 M
1746806338594349007 5 11 6 F
1746806338597512042 1 8 6 B
1746806338600692604 10 1 0 K
1746806338604872464 9 12 3 J
1746806338605977659 11 6 5 L
1746806338609119613 1 8 5 B
1746806338610214871 5 12 6 F
1746806338614363746 12 2 8 M
1746806338614408503 6 10 6 G
1746806338616517378 9 11 3 J
1746806338616536226 0 10 14 A
1746806338627692245 4 13 14 E
1746806338628776848 10 1 14 K
1746806338628795963 5 11 6 F
1746806338629866966 6 9 6 G
1746806338635989088 12 3 8 M
1746806338642108973 11 6 4 L
1746806338643203928 9 11 4 J
1746806338645355268 0 10 13 A
1746806338649496285 4 13 0 E
1746806338655637424 5 11 5 F
1746806338656718900 1 9 5 B
1746806338671865540 4 14 0 E
1746806338672951579 1 10 5 B
1746806338672971714 6 9 5 G
1746806338676107756 10 0 14 K
1746806338677207165 8 5 2 i
1746806338680366262 5 11 6 F
1746806338681448925 7 4 2 h
1746806338682525669 11 6 3 L
1746806338691614515 0 11 13 A
1746806338692696645 9 11 3 J
1746806338695844279 5 12 6 F
1746806338705946332 0 11 14 A
1746806338714053885 4 14 1 E
1746806338717201639 11 7 3 L
1746806338721349634 1 10 4 B
1746806338721376216 6 10 5 G
1746806338725504979 0 12 14 A
1746806338726587639 9 10 3 J
1746806338726616337 10 14 14 K
1746806338744721367 9 9 3 J
1746806338745814452 5 12 7 F
1746806338748959293 10 13 14 K
1746806338751117251 4 0 1 E
1746806338751142790 11 8 3 L
1746806338762277983 0 12 0 A
1746806338771587389 11 8 2 L
1746806338775728394 10 13 13 K
1746806338791878318 5 12 6 F
1746806338792970568 4 0 2 E
1746806338794062143 9 8 3 J
1746806338804169295 5 12 5 F
1746806338811291689 0 11 0 A
1746806338817409565 10 13 14 K
1746806338817436520 11 8 1 L
1746806338820556310 4 0 1 E
1746806338822707660 9 8 2 J
1746806338832800049 5 12 4 F
1746806338839948958 0 11 1 A
1746806338844069891 5 12 3 F
1746806338851194467 9 9 2 J
1746806338851215888 11 8 2 L
1746806338855337706 0 12 1 A
1746806338856430550 4 1 1 E
1746806338858606959 10 12 14 K
1746806338877702184 5 12 2 F
1746806338892927687 4 0 1 E
1746806338907142693 10 11 14 K
1746806338908231016 5 13 2 F
1746806338908254763 0 12 2 A
1746806338909313220 4 0 0 E
1746806338924465219 4 0 1 E
1746806338928608511 5 14 2 F
1746806338934730941 0 13 2 A
1746806338940860043 5 14 3 F
1746806338943009156 10 11 0 K
1746806338955160826 5 13 3 F
1746806338964261900 4 1 1 E
1746806338979484865 10 11 1 K
1746806338980567969 4 0 1 E
1746806338981659315 0 14 2 A
1746806338981677709 5 13 2 F
1746806339002835235 4 1 1 E
1746806339011985476 10 10 1 K
1746806339013069064 6 10 5 g
1746806339015209285 1 10 4 b
1746806339021349842 0 14 1 A
1746806339024492769 4 2 1 E
1746806339031641771 5 14 2 F
1746806339035811993 0 13 1 A
1746806339037981174 4 2 0 E
1746806339060140871 10 9 1 K
1746806339070269583 5 14 3 F
1746806339075417353 4 2 1 E
1746806339079561776 0 12 1 A
1746806339087689892 4 2 0 E
1746806339099783323 10 9 0 K
1746806339100879958 0 12 0 A
1746806339116036206 5 13 3 F
1746806339117123077 4 2 1 E
1746806339119276656 0 12 14 A
1746806339142428903 11 8 2 l
1746806339148575551 0 13 14 A
1746806339149661632 10 9 14 K
1746806339149682923 9 9 2 j
1746806339154813934 4 3 1 E
1746806339160939989 0 13 13 A
1746806339165083026 5 13 4 F
1746806339168231793 4 3 2 E
1746806339177350007 10 8 14 K
1746806339194633276 10 8 13 K
1746806339200790191 0 12 13 A
1746806339208910670 5 13 3 F
1746806339212982386 0 12 12 A
1746806339225081044 10 7 13 K
1746806339236229097 5 14 3 F
1746806339247426875 5 13 3 F
1746806339251591924 0 13 12 A
1746806339271739755 10 6 13 K
1746806339276899037 0 12 12 A
1746806339296048067 5 12 3 F
1746806339298131241 0 12 11 A
1746806339311297056 10 6 12 K
1746806339337454797 5 12 4 F
1746806339338531217 10 7 12 K
1746806339343665023 0 12 10 A
1746806339354768896 5 13 4 F
1746806339373925692 0 12 11 A
1746806339377076132 5 13 5 F
1746806339386194265 10 6 12 K
1746806339408347208 10 5 12 K
1746806339408365010 0 13 11 A
1746806339409431177 5 12 5 F
1746806339435579378 10 6 12 K
1746806339436681486 0 12 11 A
1746806339441840677 4 3 2 e
1746806339457001466 10 5 12 K
1746806339459156746 5 12 4 F
1746806339464300952 0 11 11 A
1746806339469439389 10 6 12 K
1746806339491594314 10 6 11 K
1746806339492687046 0 10 11 A
1746806339508800981 5 12 5 F
1746806339520899977 0 10 12 A
1746806339540055377 10 5 11 K
1746806339551177585 5 13 5 F
1746806339564257717 0 10 13 A
1746806339570334592 10 6 11 K
1746806339592441026 0 9 13 A
1746806339598598868 5 12 5 F
1746806339600691022 10 7 11 K
1746806339615866048 10 6 11 K
1746806339625985798 5 12 6 F
1746806339629141821 0 8 13 A
1746806339642248297 0 7 13 A
1746806339650450936 10 6 12 K
1746806339652609892 0 8 13 A
1746806339666065146 0 8 12 A
1746806339674192777 5 13 6 F
1746806339690354279 10 6 11 K
1746806339693509045 0 8 11 A
1746806339700645610 5 12 6 F
1746806339706786483 0 8 12 A
1746806339721946662 10 5 11 K
1746806339740058456 5 12 5 F
1746806339753166666 0 9 12 A
1746806339757315868 10 5 12 K
1746806339769423164 5 13 5 F
1746806339778547195 10 5 11 K
1746806339798708577 0 10 12 A
1746806339808823934 5 12 5 F
1746806339820928641 10 5 10 K
1746806339839083129 0 10 11 A
1746806339847234923 5 13 5 F
1746806339863394569 10 6 10 K
1746806339869542745 0 9 11 A
1746806339875680061 5 13 4 F
1746806339889841113 0 9 12 A
1746806339892994475 5 13 5 F
1746806339905100447 10 6 9 K
1746806339907252438 0 8 12 A
1746806339937404497 0 8 11 A
1746806339941558193 5 14 5 F
1746806339952674065 10 6 10 K
1746806339954827680 5 0 5 F
1746806339968964262 5 14 5 F
1746806339975106162 10 5 10 K
1746806339987207183 0 9 11 A
1746806339995342656 5 0 5 F
1746806340010522423 0 8 11 A
1746806340026654727 5 14 5 F
1746806340051822450 0 7 11 A
1746806340057970386 5 14 4 F
1746806340063145638 0 7 10 A
1746806340086304340 5 14 5 F
1746806340089458457 0 7 9 A
1746806340106569365 0 7 10 A
1746806340114719732 5 14 4 F
1746806340125851124 5 13 4 F
1746806340145885975 5 13 3 F
1746806340146978392 0 8 10 A
1746806340173156028 0 7 10 A
1746806340179326365 5 14 3 F
1746806340191474388 0 8 10 A
1746806340207583994 0 8 9 A
1746806340209757343 5 14 4 F
1746806340243909912 0 9 9 A
1746806340246071619 5 14 5 F
1746806340261184480 5 13 5 F
1746806340269323917 0 10 9 A
1746806340295509955 5 12 5 F
1746806340302659158 0 10 8 A
1746806340323825976 5 13 5 F
1746806340327977893 0 11 8 A
1746806340343102234 0 10 8 A
1746806340361203006 5 13 6 F
1746806340374320815 0 10 9 A
1746806340395474665 0 9 9 A
wait group stopped waiting
1746806340434652020 0 9 10 A
exiting for loop
wztq@DESKTOP-1Q1LLS5:~/Studia/sem4/wspolbiezne/mk1/list1/ex3$ go run ex3.go > out3
wztq@DESKTOP-1Q1LLS5:~/Studia/sem4/wspolbiezne/mk1/list1/ex3$ shasum import out3 https://repo.cs.pwr.edu.pl/279734-dir/mk1/list1/ex3/out3 -m "adding out3"
Unknown option: m
Type shasum -h for help
wztq@DESKTOP-1Q1LLS5:~/Studia/sem4/wspolbiezne/mk1/list1/ex3$ shasum out3
490e15749338292a74871fcd2ac653d8bf6766f3  out3
wztq@DESKTOP-1Q1LLS5:~/Studia/sem4/wspolbiezne/mk1/list1/ex3$ import out3 https://repo.cs.pwr.edu.pl/279734-dir/mk1/list1/ex3/out3 -m "adding out3"                                                        
Command 'import' not found, but can be installed with:
sudo apt install graphicsmagick-imagemagick-compat  # version 1.4+really1.3.42-1, or
sudo apt install imagemagick-6.q16                  # version 8:6.9.11.60+dfsg-1.6ubuntu1
sudo apt install imagemagick-6.q16hdri              # version 8:6.9.11.60+dfsg-1.6ubuntu1
wztq@DESKTOP-1Q1LLS5:~/Studia/sem4/wspolbiezne/mk1/list1/ex3$ svn import out3 https://repo.cs.pwr.edu.pl/279734-dir/mk1/list1/ex3/out3 -m "adding out3"                                                     
Authentication realm: <https://repo.cs.pwr.edu.pl:443> Subversion Repository 
Password for '279734': *******

Couldn't start kwalletd:  QDBusError("org.freedesktop.DBus.Error.Spawn.ChildSignaled", "Process org.kde.kwalletd5 received signal 6")
Couldn't start kwalletd:  QDBusError("org.freedesktop.DBus.Error.Spawn.ChildSignaled", "Process org.kde.kwalletd5 received signal 6")
Couldn't start kwalletd:  QDBusError("org.freedesktop.DBus.Error.Spawn.ChildSignaled", "Process org.kde.kwalletd5 received signal 6")
Couldn't start kwalletd:  QDBusError("org.freedesktop.DBus.Error.Spawn.ChildSignaled", "Process org.kde.kwalletd5 received signal 6")
Couldn't start kwalletd:  QDBusError("org.freedesktop.DBus.Error.Spawn.ChildSignaled", "Process org.kde.kwalletd5 received signal 6")
kf.windowsystem: Cannot use KWindowSystem without a QGuiApplication
Couldn't start kwalletd:  QDBusError("org.freedesktop.DBus.Error.Spawn.ChildSignaled", "Process org.kde.kwalletd5 received signal 6")
Couldn't start kwalletd:  QDBusError("org.freedesktop.DBus.Error.Spawn.ChildSignaled", "Process org.kde.kwalletd5 received signal 6")
Couldn't start kwalletd:  QDBusError("org.freedesktop.DBus.Error.Spawn.ChildSignaled", "Process org.kde.kwalletd5 received signal 6")
Couldn't start kwalletd:  QDBusError("org.freedesktop.DBus.Error.Spawn.ChildSignaled", "Process org.kde.kwalletd5 received signal 6")
Couldn't start kwalletd:  QDBusError("org.freedesktop.DBus.Error.Spawn.ChildSignaled", "Process org.kde.kwalletd5 received signal 6")
Couldn't start kwalletd:  QDBusError("org.freedesktop.DBus.Error.Spawn.ChildSignaled", "Process org.kde.kwalletd5 received signal 6")
Couldn't start kwalletd:  QDBusError("org.freedesktop.DBus.Error.Spawn.ChildSignaled", "Process org.kde.kwalletd5 received signal 6")
Adding         out3
Committing transaction...
Committed revision 21.
wztq@DESKTOP-1Q1LLS5:~/Studia/sem4/wspolbiezne/mk1/list1/ex3$ tmux capture-pane -p -S'-' -E'-' -J > my-log3

